2025-05-16 15:24:38 [INFO] log: Logging configurado exitosamente.
2025-05-16 15:24:38 [INFO] client: Conectado al servidor!. Registrando equipo...
2025-05-16 15:24:38 [INFO] client: Registro enviado. Esperando respuesta...
2025-05-16 15:24:38 [INFO] client: El token del equipo es: TOKEN-a32fa50a-b7a5-4874-b5f3-82a146c818b0
2025-05-16 15:24:45 [INFO] client: Tienes la pelota!
2025-05-16 15:24:45 [INFO] client: Accion enviada. Mensaje: mensaje_id='PATEAR' token='TOKEN-a32fa50a-b7a5-4874-b5f3-82a146c818b0' datos={'x': 6, 'y': 0}
2025-05-16 15:24:47 [INFO] client: Reaccionar
2025-05-16 15:24:47 [INFO] utils: Jugador mas cercano 9
2025-05-16 15:24:47 [INFO] client: Accion enviada. Mensaje: mensaje_id='CORRER' token='TOKEN-a32fa50a-b7a5-4874-b5f3-82a146c818b0' datos={'movimientos': [{'jugador_numero': 9, 'x': 5, 'y': 6}]}
2025-05-16 15:24:47 [INFO] client: Reaccionar
2025-05-16 15:24:47 [INFO] utils: Jugador mas cercano 9
2025-05-16 15:24:47 [INFO] client: Accion enviada. Mensaje: mensaje_id='CORRER' token='TOKEN-a32fa50a-b7a5-4874-b5f3-82a146c818b0' datos={'movimientos': [{'jugador_numero': 9, 'x': 5, 'y': 6}]}
2025-05-16 15:24:48 [INFO] client: Reaccionar
2025-05-16 15:24:48 [INFO] utils: Jugador mas cercano 9
2025-05-16 15:24:48 [INFO] client: Accion enviada. Mensaje: mensaje_id='CORRER' token='TOKEN-a32fa50a-b7a5-4874-b5f3-82a146c818b0' datos={'movimientos': [{'jugador_numero': 9, 'x': 5, 'y': 6}]}
2025-05-16 15:24:48 [INFO] client: Tienes la pelota!
2025-05-16 15:24:48 [INFO] client: Accion enviada. Mensaje: mensaje_id='PATEAR' token='TOKEN-a32fa50a-b7a5-4874-b5f3-82a146c818b0' datos={'x': 6, 'y': 0}
2025-05-16 15:24:48 [ERROR] mensajes: msg_id no interpretado. Data: {'mensaje_id': 'OCUPADO', 'datos': {'descripcion': 'El Servidor está ocupado en este momento. Intente más tarde.'}}
2025-05-16 15:24:48 [WARNING] client: Otro mensaje recibido.
Mensaje Enviado: mensaje_id='PATEAR' token='TOKEN-a32fa50a-b7a5-4874-b5f3-82a146c818b0' datos={'x': 6, 'y': 0}

Mensaje recibido: None
