2025-05-16 15:09:34 [INFO] log: Logging configurado exitosamente.
2025-05-16 15:09:34 [INFO] client: Conectado al servidor!. Registrando equipo...
2025-05-16 15:09:34 [INFO] client: Registro enviado. Esperando respuesta...
2025-05-16 15:09:34 [INFO] client: El token del equipo es: TOKEN-afbf5233-8f72-4463-a040-160b17378f9b
2025-05-16 15:09:41 [INFO] client: Tienes la pelota!
2025-05-16 15:09:41 [INFO] client: Accion enviada. Mensaje: mensaje_id='PATEAR' token='TOKEN-afbf5233-8f72-4463-a040-160b17378f9b' datos={'x': 6, 'y': 0}
2025-05-16 15:09:43 [INFO] client: Reaccionar
2025-05-16 15:09:43 [INFO] utils: Jugador mas cercano 9
2025-05-16 15:09:43 [INFO] client: Accion enviada. Mensaje: mensaje_id='CORRER' token='TOKEN-afbf5233-8f72-4463-a040-160b17378f9b' datos={'movimientos': [{'jugador_numero': 9, 'x': 5, 'y': 6}]}
2025-05-16 15:09:43 [INFO] client: Reaccionar
2025-05-16 15:09:43 [INFO] utils: Jugador mas cercano 9
2025-05-16 15:09:43 [INFO] client: Accion enviada. Mensaje: mensaje_id='CORRER' token='TOKEN-afbf5233-8f72-4463-a040-160b17378f9b' datos={'movimientos': [{'jugador_numero': 9, 'x': 5, 'y': 6}]}
2025-05-16 15:09:44 [INFO] client: Reaccionar
2025-05-16 15:09:44 [INFO] utils: Jugador mas cercano 9
2025-05-16 15:09:44 [INFO] client: Accion enviada. Mensaje: mensaje_id='CORRER' token='TOKEN-afbf5233-8f72-4463-a040-160b17378f9b' datos={'movimientos': [{'jugador_numero': 9, 'x': 5, 'y': 6}]}
2025-05-16 15:09:44 [INFO] client: Reaccionar
2025-05-16 15:09:44 [INFO] utils: Jugador mas cercano 9
2025-05-16 15:09:44 [INFO] client: Accion enviada. Mensaje: mensaje_id='MARCAR_ADVERSARIO' token='TOKEN-afbf5233-8f72-4463-a040-160b17378f9b' datos={'jugador_numero': 9, 'adversario_numero': 9}
2025-05-16 15:09:44 [ERROR] mensajes: msg_id no interpretado. Data: {'mensaje_id': 'OCUPADO', 'datos': {'descripcion': 'El Servidor está ocupado en este momento. Intente más tarde.'}}
2025-05-16 15:09:44 [WARNING] client: Otro mensaje recibido.
Mensaje Enviado: mensaje_id='MARCAR_ADVERSARIO' token='TOKEN-afbf5233-8f72-4463-a040-160b17378f9b' datos={'jugador_numero': 9, 'adversario_numero': 9}

Mensaje recibido: None
